// Vitest Snapshot v1, https://vitest.dev/guide/snapshot.html

exports[`Header > render > should render the header 1`] = `
"<header class="flex flex-col">
  <h1 class="text-xl font-bold text-center md:text-3xl">Qu'allons-nous faire aujourd'hui ?</h1>
  <hr class="my-2 md:my-6 h-0.5 w-40 w-full bg-white rounded-lg">
</header>"
`;
