// Vitest Snapshot v1, https://vitest.dev/guide/snapshot.html

exports[`Input > render > should render the input 1`] = `"<div><label class="block mb-1 text-md font-medium text-white">label</label><input type="text" class="bg-gray-50 border text-sm rounded-lg block w-full p-2 bg-gray-700 border-gray-600 text-white" required="" value=""></div>"`;
