// Vitest Snapshot v1, https://vitest.dev/guide/snapshot.html

exports[`TextArea > render > should render the textarea 1`] = `"<div data-v-993744c5=""><label data-v-993744c5="" class="block mb-1 text-md font-medium text-white">label</label><textarea data-v-993744c5="" rows="10" class="bg-gray-50 border text-sm rounded-lg block w-full p-2 bg-gray-700 border-gray-600 text-white" required="" value=""></textarea></div>"`;
