// Vitest Snapshot v1, https://vitest.dev/guide/snapshot.html

exports[`Loader > render > should render the loader 1`] = `"<div style="height: 200px; width: 200px;"><canvas style="height: 100%; width: 100%;"></canvas></div>"`;
